go : # command-line-arguments
At line:1 char:1
+ go build main.go 2> build_errors.txt
+ ~~~~~~~~~~~~~~~~~~~~~~~~~~~~~~~~~~~~
    + CategoryInfo          : NotSpecified: (# command-line-a 
   rguments:String) [], RemoteException
    + FullyQualifiedErrorId : NativeCommandError
 
.\main.go:26:26: undefined: tablesdb.Tablesdb (but have 
TablesDB)
.\main.go:125:69: undefined: tablesdb.WithQueries
.\main.go:148:73: undefined: tablesdb.WithQueries
.\main.go:212:64: undefined: tablesdb.WithQueries
.\main.go:227:58: undefined: tablesdb.WithQueries
.\main.go:229:73: undefined: tablesdb.WithData
